// Jest Snapshot v1, https://goo.gl/fbAQLP

exports[`Should WelcomeScreen render correctly 1`] = `
<article
  className="cities__place-card place-card"
>
  <div
    className="place-card__mark"
  >
    <span>
      Premium
    </span>
  </div>
  <div
    className="cities__image-wrapper place-card__image-wrapper"
  >
    <a
      href="#"
    >
      <img
        alt="Place image"
        className="place-card__image"
        height="200"
        src="img/apartment-01.jpg"
        width="260"
      />
    </a>
  </div>
  <div
    className="place-card__info"
  >
    <div
      className="place-card__price-wrapper"
    >
      <div
        className="place-card__price"
      >
        <b
          className="place-card__price-value"
        >
          €
          60
        </b>
        <span
          className="place-card__price-text"
        >
          / night
        </span>
      </div>
      <button
        className="place-card__bookmark-button button"
        onClick={[MockFunction]}
        type="button"
      >
        <svg
          className="place-card__bookmark-icon"
          height="19"
          width="18"
        >
          <svg
            id="icon-bookmark"
            viewBox="0 0 17 18"
          >
            <path
              d="M3.993 2.185l.017-.092V2c0-.554.449-1 .99-1h10c.522 0 .957.41.997.923l-2.736 14.59-4.814-2.407-.39-.195-.408.153L1.31 16.44 3.993 2.185z"
            />
          </svg>
        </svg>
        <span
          className="visually-hidden"
        >
          To bookmarks
        </span>
      </button>
    </div>
    <div
      className="place-card__rating rating"
    >
      <div
        className="place-card__stars rating__stars"
      >
        <span
          className="visually-hidden"
        >
          Rating
        </span>
      </div>
    </div>
    <h2
      className="place-card__name"
    >
      <a
        href="#"
      >
        Wood and stone place
      </a>
    </h2>
    <p
      className="place-card__type"
    >
      Private room
    </p>
  </div>
</article>
`;
